[main] 4 camera(s) [file] 640x480@30 (mjpeg); timeout=fixed(33333us) batch=fixed context=all log=none; metrics -> experiments/results/baseline_cpp_vs_py/py_baseline_r3.csv.
Opening in BLOCKING MODE 
Opening in BLOCKING MODE 
Opening in BLOCKING MODE 
Opening in BLOCKING MODE 
gstnvtracker: Loading low-level lib at /opt/nvidia/deepstream/deepstream/lib/libnvds_nvmultiobjecttracker.so
[NvMultiObjectTracker] Initialized
Setting min object dimensions as 16x16 instead of 1x1 to support VIC compute mode.
0:00:00.427829527 [36m 7733[00m 0xaaaae0875d30 [36mINFO   [00m [00m             nvinfer gstnvinfer.cpp:684:gst_nvinfer_logger:<primary-inference>[00m NvDsInferContext[UID 1]: Info from NvDsInferContextImpl::deserializeEngineAndBackend() <nvdsinfer_context_impl.cpp:2092> [UID = 1]: deserialized trt engine from :/home/darklord01/Documents/deepstream_batch/multicam_perception_rt/models/model_b4_gpu0_fp16.engine
0:00:00.427936884 [36m 7733[00m 0xaaaae0875d30 [36mINFO   [00m [00m             nvinfer gstnvinfer.cpp:684:gst_nvinfer_logger:<primary-inference>[00m NvDsInferContext[UID 1]: Info from NvDsInferContextImpl::generateBackendContext() <nvdsinfer_context_impl.cpp:2195> [UID = 1]: Use deserialized engine model: /home/darklord01/Documents/deepstream_batch/multicam_perception_rt/models/model_b4_gpu0_fp16.engine
0:00:00.437065888 [36m 7733[00m 0xaaaae0875d30 [36mINFO   [00m [00m             nvinfer gstnvinfer_impl.cpp:343:notifyLoadModelStatus:<primary-inference>[00m [UID 1]: Load new model:/home/darklord01/Documents/deepstream_batch/multicam_perception_rt/config/pgie_config.txt sucessfully
[main] Running. First launch may build the TensorRT engine (several minutes). Press Ctrl-C to stop.
NvMMLiteOpen : Block : BlockType = 261 
NvMMLiteOpen : Block : BlockType = 261 
NvMMLiteOpen : Block : BlockType = 261 
NvMMLiteBlockCreate : Block : BlockType = 261 
NvMMLiteOpen : Block : BlockType = 261 
NvMMLiteBlockCreate : Block : BlockType = 261 
NvMMLiteBlockCreate : Block : BlockType = 261 
NvMMLiteBlockCreate : Block : BlockType = 261 
[main] duration 25.0s elapsed — stopping.
WARNING: [TRT]: Using an engine plan file across different models of devices is not recommended and is likely to affect performance or even cause errors.
INFO: [FullDims Engine Info]: layers num: 2
0   INPUT  kFLOAT input           3x640x640       min: 1x3x640x640     opt: 4x3x640x640     Max: 4x3x640x640     
1   OUTPUT kFLOAT output          8400x6          min: 0               opt: 0               Max: 0               

nvstreammux: Successfully handled EOS for source_id=1
nvstreammux: Successfully handled EOS for source_id=3
nvstreammux: Successfully handled EOS for source_id=0
nvstreammux: Successfully handled EOS for source_id=2
[main] End-of-stream — shutting down.
[metrics] wrote 714 batches to experiments/results/baseline_cpp_vs_py/py_baseline_r3.csv (27.9 batches/s over 25.6s; 27 distinct tracks).
